
> linkedin-posting@0.1.0 dev
> next dev -p 3000

▲ Next.js 16.1.3 (Turbopack)
- Local:         http://localhost:3000
- Network:       http://192.168.18.71:3000
- Environments: .env.local
- Experiments (use with caution):
  ⨯ lockDistDir

✓ Starting...
✓ Ready in 2.5s
○ Compiling / ...
 GET / 200 in 14.2s (compile: 12.7s, render: 1450ms)
○ Compiling /app/studio ...
 GET /app/studio 200 in 5.3s (compile: 4.7s, render: 686ms)
 GET / 200 in 1240ms (compile: 75ms, render: 1165ms)
 GET /app 200 in 2.8s (compile: 2.5s, render: 303ms)
 GET /app 200 in 165ms (compile: 25ms, render: 140ms)
○ Compiling /app ...
 GET /login 200 in 3.5s (compile: 3.0s, render: 426ms)
 GET /login 200 in 286ms (compile: 32ms, render: 255ms)
 GET /app 200 in 324ms (compile: 22ms, render: 302ms)
 GET /app 200 in 182ms (compile: 25ms, render: 157ms)
 GET /app/studio 200 in 307ms (compile: 108ms, render: 199ms)
 GET /api/pro/brand-kit/status?brandId=d2f28737-235d-404f-afc7-528f35aa2afa 200 in 4.4s (compile: 2.6s, render: 1779ms)
 POST /api/pro/post-options 502 in 19.2s (compile: 1393ms, render: 17.8s)
 POST /api/pro/post-options 200 in 15.2s (compile: 7ms, render: 15.2s)
 POST /api/pro/image/create 200 in 59s (compile: 390ms, render: 58s)
 GET / 200 in 344ms (compile: 21ms, render: 323ms)
 POST /api/pro/image/create 400 in 357ms (compile: 339ms, render: 18ms)
 POST /api/pro/image/create 400 in 178ms (compile: 165ms, render: 13ms)
 GET /app/studio 200 in 308ms (compile: 29ms, render: 279ms)
 GET /api/pro/brand-kit/status?brandId=d2f28737-235d-404f-afc7-528f35aa2afa 200 in 1835ms (compile: 7ms, render: 1828ms)
 POST /api/pro/post-options 200 in 16.6s (compile: 12ms, render: 16.6s)
 POST /api/pro/image/create 200 in 56s (compile: 7ms, render: 56s)
 POST /api/pro/image/remove-background 200 in 42s (compile: 269ms, render: 42s)
 GET /api/linkedin/connection 200 in 2.3s (compile: 430ms, render: 1821ms)
 GET /api/linkedin/connection 200 in 2.4s (compile: 408ms, render: 1988ms)
 GET /api/linkedin/connection 200 in 1415ms (compile: 15ms, render: 1400ms)
 GET /api/linkedin/connection 200 in 1974ms (compile: 7ms, render: 1967ms)
 POST /api/pro/post-options 200 in 19.9s (compile: 6ms, render: 19.9s)
 POST /api/pro/image/create 200 in 60s (compile: 4ms, render: 60s)
 GET /api/linkedin/connection 200 in 1585ms (compile: 6ms, render: 1579ms)
 GET /api/linkedin/connection 200 in 1993ms (compile: 19ms, render: 1974ms)
 POST /api/pro/image/create 200 in 2.4min (compile: 5ms, render: 2.4min)
 POST /api/pro/image/create 200 in 2.2min (compile: 5ms, render: 2.2min)
✓ Compiled in 624ms
✓ Compiled in 946ms
✓ Compiled in 1319ms
✓ Compiled in 360ms
✓ Compiled in 194ms
✓ Compiled in 274ms
✓ Compiled in 214ms
 GET / 200 in 279ms (compile: 14ms, render: 266ms)
 GET /app/studio 200 in 1162ms (compile: 266ms, render: 896ms)
 GET / 200 in 149ms (compile: 8ms, render: 141ms)
 GET /app/studio 200 in 83ms (compile: 4ms, render: 79ms)
[?25h
