
> linkedin-posting@0.1.0 dev
> next dev

▲ Next.js 16.1.3 (Turbopack)
- Local:         http://localhost:3000
- Network:       http://192.168.18.71:3000
- Environments: .env.local
- Experiments (use with caution):
  ⨯ lockDistDir

✓ Starting...
✓ Ready in 3.1s
○ Compiling / ...
 GET / 200 in 8.1s (compile: 6.5s, render: 1572ms)
 GET / 200 in 327ms (compile: 28ms, render: 299ms)
 GET /signup 200 in 204ms (compile: 133ms, render: 71ms)
✓ Compiled in 810ms
 GET /signup 200 in 448ms (compile: 213ms, render: 235ms)
 GET /signup 200 in 94ms (compile: 10ms, render: 84ms)
✓ Compiled in 839ms
 GET /login 200 in 1199ms (compile: 221ms, render: 977ms)
 GET /app 200 in 1165ms (compile: 945ms, render: 220ms)
 GET / 200 in 1540ms (compile: 335ms, render: 1205ms)
 GET /signup 200 in 504ms (compile: 227ms, render: 277ms)
 GET /app 200 in 883ms (compile: 138ms, render: 745ms)
 GET /app 200 in 133ms (compile: 10ms, render: 123ms)
 GET /app/studio 200 in 1120ms (compile: 643ms, render: 477ms)
 GET /app 200 in 203ms (compile: 8ms, render: 194ms)
 GET /login?next=%2Fapp 200 in 154ms (compile: 17ms, render: 137ms)
 GET /app/studio 200 in 113ms (compile: 6ms, render: 106ms)
 GET /login?next=%2Fapp%2Fstudio 200 in 56ms (compile: 7ms, render: 48ms)
 GET /login 200 in 563ms (compile: 19ms, render: 543ms)
 GET / 200 in 317ms (compile: 12ms, render: 305ms)
 GET / 200 in 138ms (compile: 6ms, render: 132ms)
 GET / 200 in 378ms (compile: 12ms, render: 366ms)
 GET /signup 200 in 128ms (compile: 16ms, render: 112ms)
 GET /?code=fc1c94c2-4878-4741-95d1-8611567ba48a 200 in 499ms (compile: 15ms, render: 484ms)
 GET /signup 200 in 79ms (compile: 9ms, render: 70ms)
 GET /?code=66ad4b4c-2da8-4154-8ba4-74d05abb372e 200 in 372ms (compile: 9ms, render: 363ms)
 GET /signup 200 in 81ms (compile: 8ms, render: 73ms)
 GET /?code=b07783ee-7d51-4b0f-93ca-8129aecc310c 200 in 504ms (compile: 14ms, render: 490ms)
 GET /app 200 in 130ms (compile: 12ms, render: 117ms)
 GET /login?next=%2Fapp 200 in 210ms (compile: 13ms, render: 197ms)
 GET /login?next=%2Fapp 200 in 128ms (compile: 19ms, render: 109ms)
 GET /?code=74687a26-192b-4681-ab9f-b7e16d9ee764 200 in 345ms (compile: 9ms, render: 336ms)
✓ Compiled in 971ms
 GET /?code=74687a26-192b-4681-ab9f-b7e16d9ee764 200 in 615ms (compile: 399ms, render: 216ms)
 GET /signup 200 in 618ms (compile: 513ms, render: 105ms)
 GET /auth/callback?code=74687a26-192b-4681-ab9f-b7e16d9ee764&next=%2Fapp 307 in 2.1s (compile: 507ms, render: 1601ms)
 GET /app 200 in 73ms (compile: 10ms, render: 63ms)
 GET /app/studio 200 in 74ms (compile: 11ms, render: 62ms)
 GET /api/pro/brand-kit/status?brandId=d2f28737-235d-404f-afc7-528f35aa2afa 200 in 1508ms (compile: 96ms, render: 1412ms)
 GET /api/pro/brand-kit/status?brandId=d2f28737-235d-404f-afc7-528f35aa2afa 200 in 679ms (compile: 7ms, render: 672ms)
 GET /api/pro/brand-kit/status?brandId=d2f28737-235d-404f-afc7-528f35aa2afa 200 in 666ms (compile: 6ms, render: 660ms)
 GET /api/pro/brand-kit/status?brandId=d2f28737-235d-404f-afc7-528f35aa2afa 200 in 696ms (compile: 6ms, render: 690ms)
 GET /app/studio 200 in 85ms (compile: 9ms, render: 75ms)
 GET /api/pro/brand-kit/status?brandId=d2f28737-235d-404f-afc7-528f35aa2afa 200 in 1210ms (compile: 7ms, render: 1203ms)
 GET /api/pro/brand-kit/status?brandId=d2f28737-235d-404f-afc7-528f35aa2afa 200 in 677ms (compile: 7ms, render: 670ms)
 GET /api/pro/brand-kit/status?brandId=d2f28737-235d-404f-afc7-528f35aa2afa 200 in 690ms (compile: 10ms, render: 680ms)
 GET /api/pro/brand-kit/status?brandId=d2f28737-235d-404f-afc7-528f35aa2afa 200 in 1539ms (compile: 9ms, render: 1530ms)
 GET /?code=test-code-123&state=test-state 200 in 861ms (compile: 7ms, render: 854ms)
✓ Compiled in 878ms
 GET /app/studio 200 in 863ms (compile: 24ms, render: 839ms)
 GET /signup 200 in 1089ms (compile: 11ms, render: 1078ms)
 GET /signup 200 in 1050ms (compile: 206ms, render: 844ms)
 GET /app/studio 200 in 1056ms (compile: 16ms, render: 1041ms)
 GET /api/pro/brand-kit/status?brandId=d2f28737-235d-404f-afc7-528f35aa2afa 200 in 3.5s (compile: 5ms, render: 3.5s)
 GET /api/pro/brand-kit/status?brandId=d2f28737-235d-404f-afc7-528f35aa2afa 200 in 1004ms (compile: 4ms, render: 1000ms)
 GET / 200 in 1410ms (compile: 210ms, render: 1200ms)
 GET /?code=test123&state=abc 307 in 114ms (compile: 5ms, render: 108ms)
 HEAD /?code=test123&state=abc 307 in 106ms (compile: 5ms, render: 101ms)
✓ Compiled in 452ms
✓ Compiled in 591ms
 GET /api/pro/brand-kit/status?brandId=d2f28737-235d-404f-afc7-528f35aa2afa 200 in 1499ms (compile: 10ms, render: 1490ms)
✓ Compiled in 1045ms
✓ Compiled in 1090ms
 GET /api/pro/brand-kit/status?brandId=d2f28737-235d-404f-afc7-528f35aa2afa 200 in 1280ms (compile: 6ms, render: 1274ms)
✓ Compiled in 617ms
 GET /api/pro/brand-kit/status?brandId=d2f28737-235d-404f-afc7-528f35aa2afa 200 in 1850ms (compile: 6ms, render: 1844ms)
✓ Compiled in 661ms
 GET /api/pro/brand-kit/status?brandId=d2f28737-235d-404f-afc7-528f35aa2afa 200 in 1056ms (compile: 6ms, render: 1050ms)
✓ Compiled in 2.4s
 GET /api/pro/brand-kit/status?brandId=d2f28737-235d-404f-afc7-528f35aa2afa 200 in 1546ms (compile: 7ms, render: 1539ms)
✓ Compiled in 756ms
 GET /api/pro/brand-kit/status?brandId=d2f28737-235d-404f-afc7-528f35aa2afa 200 in 1687ms (compile: 8ms, render: 1678ms)
✓ Compiled in 1032ms
 GET /api/pro/brand-kit/status?brandId=d2f28737-235d-404f-afc7-528f35aa2afa 200 in 1620ms (compile: 6ms, render: 1613ms)
✓ Compiled in 2.2s
✓ Compiled in 864ms
✓ Compiled in 1472ms
✓ Compiled in 2.3s
✓ Compiled in 786ms
✓ Compiled in 619ms
✓ Compiled in 1141ms
 GET /api/pro/brand-kit/status?brandId=d2f28737-235d-404f-afc7-528f35aa2afa 200 in 2.5s (compile: 78ms, render: 2.4s)
✓ Compiled in 755ms
 GET /api/pro/brand-kit/status?brandId=d2f28737-235d-404f-afc7-528f35aa2afa 200 in 1439ms (compile: 17ms, render: 1422ms)
✓ Compiled in 871ms
 GET /api/pro/brand-kit/status?brandId=d2f28737-235d-404f-afc7-528f35aa2afa 200 in 1846ms (compile: 13ms, render: 1832ms)
✓ Compiled in 348ms
✓ Compiled in 523ms
✓ Compiled in 923ms
✓ Compiled in 577ms
[?25h
