
> linkedin-posting@0.1.0 dev
> next dev

▲ Next.js 16.1.3 (Turbopack)
- Local:         http://localhost:3000
- Network:       http://192.168.18.71:3000
- Environments: .env.local
- Experiments (use with caution):
  ⨯ lockDistDir

✓ Starting...
✓ Ready in 1828ms
○ Compiling /app/studio ...
 GET /app/studio 200 in 6.3s (compile: 5.2s, render: 1165ms)
 GET /login 200 in 353ms (compile: 216ms, render: 137ms)
 GET /auth/callback?code=11e856f6-4c03-4cee-bb95-6301805911a1 307 in 796ms (compile: 246ms, render: 550ms)
 GET /app 200 in 195ms (compile: 45ms, render: 150ms)
 GET /app/generate 200 in 167ms (compile: 116ms, render: 51ms)
 GET /app/studio 200 in 41ms (compile: 4ms, render: 37ms)
✓ Compiled in 386ms
✓ Compiled in 299ms
✓ Compiled in 194ms
✓ Compiled in 177ms
✓ Compiled in 292ms
✓ Compiled in 229ms
✓ Compiled in 153ms
✓ Compiled in 143ms
✓ Compiled in 149ms
✓ Compiled in 141ms
✓ Compiled in 161ms
✓ Compiled in 181ms
✓ Compiled in 157ms
✓ Compiled in 198ms
✓ Compiled in 219ms
✓ Compiled in 264ms
✓ Compiled in 215ms
✓ Compiled in 191ms
✓ Compiled in 345ms
✓ Compiled in 214ms
✓ Compiled in 228ms
✓ Compiled in 249ms
✓ Compiled in 241ms
✓ Compiled in 263ms
✓ Compiled in 216ms
✓ Compiled in 288ms
✓ Compiled in 266ms
✓ Compiled in 306ms
✓ Compiled in 269ms
✓ Compiled in 294ms
✓ Compiled in 264ms
✓ Compiled in 430ms
✓ Compiled in 448ms
✓ Compiled in 366ms
 GET /app/studio 200 in 1624ms (compile: 338ms, render: 1286ms)
 GET /app/studio 200 in 507ms (compile: 330ms, render: 177ms)
 GET /app/studio 200 in 377ms (compile: 256ms, render: 120ms)
✓ Compiled in 441ms
✓ Compiled in 586ms
✓ Compiled in 431ms
 GET /app/studio 200 in 414ms (compile: 280ms, render: 134ms)
✓ Compiled in 383ms
✓ Compiled in 392ms
✓ Compiled in 706ms
✓ Compiled in 345ms
✓ Compiled in 338ms
✓ Compiled in 380ms
✓ Compiled in 451ms
✓ Compiled in 336ms
✓ Compiled in 409ms
✓ Compiled in 381ms
✓ Compiled in 349ms
✓ Compiled in 350ms
✓ Compiled in 831ms
✓ Compiled in 389ms
✓ Compiled in 449ms
✓ Compiled in 300ms
✓ Compiled in 378ms
✓ Compiled in 430ms
✓ Compiled in 421ms
✓ Compiled in 769ms
✓ Compiled in 394ms
✓ Compiled in 518ms
✓ Compiled in 456ms
✓ Compiled in 409ms
✓ Compiled in 359ms
✓ Compiled in 445ms
✓ Compiled in 452ms
✓ Compiled in 351ms
✓ Compiled in 396ms
✓ Compiled in 449ms
✓ Compiled in 435ms
✓ Compiled in 379ms
✓ Compiled in 383ms
✓ Compiled in 382ms
✓ Compiled in 391ms
✓ Compiled in 385ms
