⚠ IPC spawn blocked (EPERM); running dev server in-process.
⚠ Failed to clean dist dir; continuing without cleanup.
connect ECONNREFUSED 127.0.0.1:9

Retrying 1/3...
connect ECONNREFUSED 127.0.0.1:9

Retrying 1/3...
connect ECONNREFUSED 127.0.0.1:9

Retrying 1/3...
connect ECONNREFUSED 127.0.0.1:9

Retrying 2/3...
connect ECONNREFUSED 127.0.0.1:9

Retrying 2/3...
connect ECONNREFUSED 127.0.0.1:9

Retrying 2/3...
connect ECONNREFUSED 127.0.0.1:9

Retrying 3/3...
connect ECONNREFUSED 127.0.0.1:9

Retrying 3/3...
connect ECONNREFUSED 127.0.0.1:9

Retrying 3/3...
Error: connect ECONNREFUSED 127.0.0.1:9
    at <unknown> (Error: connect ECONNREFUSED 127.0.0.1:9) {
  errno: -4078,
  code: 'ECONNREFUSED',
  syscall: 'connect',
  address: '127.0.0.1',
  port: 9
}
⨯ Failed to download `Space Grotesk` from Google Fonts. Using fallback font instead.

Failed to fetch `Space Grotesk` from Google Fonts.}
Error: connect ECONNREFUSED 127.0.0.1:9
    at <unknown> (Error: connect ECONNREFUSED 127.0.0.1:9) {
  errno: -4078,
  code: 'ECONNREFUSED',
  syscall: 'connect',
  address: '127.0.0.1',
  port: 9
}
⨯ Failed to download `Fraunces` from Google Fonts. Using fallback font instead.

Failed to fetch `Fraunces` from Google Fonts.}
Error: connect ECONNREFUSED 127.0.0.1:9
    at <unknown> (Error: connect ECONNREFUSED 127.0.0.1:9) {
  errno: -4078,
  code: 'ECONNREFUSED',
  syscall: 'connect',
  address: '127.0.0.1',
  port: 9
}
⨯ Failed to download `JetBrains Mono` from Google Fonts. Using fallback font instead.

Failed to fetch `JetBrains Mono` from Google Fonts.}
<w> [webpack.cache.PackFileCacheStrategy] Caching failed for pack: Error: EPERM: operation not permitted, rename 'C:\Projects\linkedin-posting\.next\dev\cache\webpack\client-development\0.pack.gz_' -> 'C:\Projects\linkedin-posting\.next\dev\cache\webpack\client-development\0.pack.gz'
⚠ metadataBase property in metadata export is not set for resolving social open graph or twitter images, using "http://localhost:3000". See https://nextjs.org/docs/app/api-reference/functions/generate-metadata#metadatabase
<w> [webpack.cache.PackFileCacheStrategy] Caching failed for pack: Error: EPERM: operation not permitted, rename 'C:\Projects\linkedin-posting\.next\dev\cache\webpack\server-development\0.pack.gz_' -> 'C:\Projects\linkedin-posting\.next\dev\cache\webpack\server-development\0.pack.gz'
⚠ metadataBase property in metadata export is not set for resolving social open graph or twitter images, using "http://localhost:3000". See https://nextjs.org/docs/app/api-reference/functions/generate-metadata#metadatabase
<w> [webpack.cache.PackFileCacheStrategy] Caching failed for pack: Error: EPERM: operation not permitted, rename 'C:\Projects\linkedin-posting\.next\dev\cache\webpack\server-development\1.pack.gz_' -> 'C:\Projects\linkedin-posting\.next\dev\cache\webpack\server-development\1.pack.gz'
<w> [webpack.cache.PackFileCacheStrategy] Caching failed for pack: Error: EPERM: operation not permitted, rename 'C:\Projects\linkedin-posting\.next\dev\cache\webpack\client-development\0.pack.gz_' -> 'C:\Projects\linkedin-posting\.next\dev\cache\webpack\client-development\0.pack.gz'
<w> [webpack.cache.PackFileCacheStrategy] Caching failed for pack: Error: EPERM: operation not permitted, rename 'C:\Projects\linkedin-posting\.next\dev\cache\webpack\client-development\0.pack.gz_' -> 'C:\Projects\linkedin-posting\.next\dev\cache\webpack\client-development\0.pack.gz'
<w> [webpack.cache.PackFileCacheStrategy] Caching failed for pack: Error: EPERM: operation not permitted, rename 'C:\Projects\linkedin-posting\.next\dev\cache\webpack\server-development\0.pack.gz_' -> 'C:\Projects\linkedin-posting\.next\dev\cache\webpack\server-development\0.pack.gz'
⚠ metadataBase property in metadata export is not set for resolving social open graph or twitter images, using "http://localhost:3000". See https://nextjs.org/docs/app/api-reference/functions/generate-metadata#metadatabase
⚠ metadataBase property in metadata export is not set for resolving social open graph or twitter images, using "http://localhost:3000". See https://nextjs.org/docs/app/api-reference/functions/generate-metadata#metadatabase
<w> [webpack.cache.PackFileCacheStrategy] Caching failed for pack: Error: EPERM: operation not permitted, rename 'C:\Projects\linkedin-posting\.next\dev\cache\webpack\server-development\0.pack.gz_' -> 'C:\Projects\linkedin-posting\.next\dev\cache\webpack\server-development\0.pack.gz'
<w> [webpack.cache.PackFileCacheStrategy] Caching failed for pack: Error: EPERM: operation not permitted, rename 'C:\Projects\linkedin-posting\.next\dev\cache\webpack\client-development\0.pack.gz_' -> 'C:\Projects\linkedin-posting\.next\dev\cache\webpack\client-development\0.pack.gz'
⚠ metadataBase property in metadata export is not set for resolving social open graph or twitter images, using "http://localhost:3000". See https://nextjs.org/docs/app/api-reference/functions/generate-metadata#metadatabase
⚠ metadataBase property in metadata export is not set for resolving social open graph or twitter images, using "http://localhost:3000". See https://nextjs.org/docs/app/api-reference/functions/generate-metadata#metadatabase
⚠ metadataBase property in metadata export is not set for resolving social open graph or twitter images, using "http://localhost:3000". See https://nextjs.org/docs/app/api-reference/functions/generate-metadata#metadatabase
<w> [webpack.cache.PackFileCacheStrategy] Caching failed for pack: Error: EPERM: operation not permitted, rename 'C:\Projects\linkedin-posting\.next\dev\cache\webpack\client-development\0.pack.gz_' -> 'C:\Projects\linkedin-posting\.next\dev\cache\webpack\client-development\0.pack.gz'
<w> [webpack.cache.PackFileCacheStrategy] Caching failed for pack: Error: EPERM: operation not permitted, rename 'C:\Projects\linkedin-posting\.next\dev\cache\webpack\server-development\0.pack.gz_' -> 'C:\Projects\linkedin-posting\.next\dev\cache\webpack\server-development\0.pack.gz'
⚠ metadataBase property in metadata export is not set for resolving social open graph or twitter images, using "http://localhost:3000". See https://nextjs.org/docs/app/api-reference/functions/generate-metadata#metadatabase
<w> [webpack.cache.PackFileCacheStrategy] Caching failed for pack: Error: EPERM: operation not permitted, rename 'C:\Projects\linkedin-posting\.next\dev\cache\webpack\server-development\0.pack.gz_' -> 'C:\Projects\linkedin-posting\.next\dev\cache\webpack\server-development\0.pack.gz'
<w> [webpack.cache.PackFileCacheStrategy] Caching failed for pack: Error: EPERM: operation not permitted, rename 'C:\Projects\linkedin-posting\.next\dev\cache\webpack\client-development\0.pack.gz_' -> 'C:\Projects\linkedin-posting\.next\dev\cache\webpack\client-development\0.pack.gz'
⚠ metadataBase property in metadata export is not set for resolving social open graph or twitter images, using "http://localhost:3000". See https://nextjs.org/docs/app/api-reference/functions/generate-metadata#metadatabase
<w> [webpack.cache.PackFileCacheStrategy] Caching failed for pack: Error: EPERM: operation not permitted, rename 'C:\Projects\linkedin-posting\.next\dev\cache\webpack\client-development\0.pack.gz_' -> 'C:\Projects\linkedin-posting\.next\dev\cache\webpack\client-development\0.pack.gz'
<w> [webpack.cache.PackFileCacheStrategy] Caching failed for pack: Error: EPERM: operation not permitted, rename 'C:\Projects\linkedin-posting\.next\dev\cache\webpack\server-development\0.pack.gz_' -> 'C:\Projects\linkedin-posting\.next\dev\cache\webpack\server-development\0.pack.gz'
<w> [webpack.cache.PackFileCacheStrategy] Caching failed for pack: Error: EPERM: operation not permitted, rename 'C:\Projects\linkedin-posting\.next\dev\cache\webpack\server-development\0.pack.gz_' -> 'C:\Projects\linkedin-posting\.next\dev\cache\webpack\server-development\0.pack.gz'
<w> [webpack.cache.PackFileCacheStrategy] Caching failed for pack: Error: EPERM: operation not permitted, rename 'C:\Projects\linkedin-posting\.next\dev\cache\webpack\client-development\0.pack.gz_' -> 'C:\Projects\linkedin-posting\.next\dev\cache\webpack\client-development\0.pack.gz'
⚠ metadataBase property in metadata export is not set for resolving social open graph or twitter images, using "http://localhost:3000". See https://nextjs.org/docs/app/api-reference/functions/generate-metadata#metadatabase
⚠ metadataBase property in metadata export is not set for resolving social open graph or twitter images, using "http://localhost:3000". See https://nextjs.org/docs/app/api-reference/functions/generate-metadata#metadatabase
⚠ metadataBase property in metadata export is not set for resolving social open graph or twitter images, using "http://localhost:3000". See https://nextjs.org/docs/app/api-reference/functions/generate-metadata#metadatabase
<w> [webpack.cache.PackFileCacheStrategy] Caching failed for pack: Error: EPERM: operation not permitted, rename 'C:\Projects\linkedin-posting\.next\dev\cache\webpack\server-development\0.pack.gz_' -> 'C:\Projects\linkedin-posting\.next\dev\cache\webpack\server-development\0.pack.gz'
<w> [webpack.cache.PackFileCacheStrategy] Caching failed for pack: Error: EPERM: operation not permitted, rename 'C:\Projects\linkedin-posting\.next\dev\cache\webpack\client-development\0.pack.gz_' -> 'C:\Projects\linkedin-posting\.next\dev\cache\webpack\client-development\0.pack.gz'
⚠ metadataBase property in metadata export is not set for resolving social open graph or twitter images, using "http://localhost:3000". See https://nextjs.org/docs/app/api-reference/functions/generate-metadata#metadatabase
<w> [webpack.cache.PackFileCacheStrategy] Caching failed for pack: Error: EPERM: operation not permitted, rename 'C:\Projects\linkedin-posting\.next\dev\cache\webpack\server-development\0.pack.gz_' -> 'C:\Projects\linkedin-posting\.next\dev\cache\webpack\server-development\0.pack.gz'
<w> [webpack.cache.PackFileCacheStrategy] Caching failed for pack: Error: EPERM: operation not permitted, rename 'C:\Projects\linkedin-posting\.next\dev\cache\webpack\client-development\0.pack.gz_' -> 'C:\Projects\linkedin-posting\.next\dev\cache\webpack\client-development\0.pack.gz'
⚠ metadataBase property in metadata export is not set for resolving social open graph or twitter images, using "http://localhost:3000". See https://nextjs.org/docs/app/api-reference/functions/generate-metadata#metadatabase
<w> [webpack.cache.PackFileCacheStrategy] Caching failed for pack: Error: EPERM: operation not permitted, rename 'C:\Projects\linkedin-posting\.next\dev\cache\webpack\server-development\0.pack.gz_' -> 'C:\Projects\linkedin-posting\.next\dev\cache\webpack\server-development\0.pack.gz'
<w> [webpack.cache.PackFileCacheStrategy] Caching failed for pack: Error: EPERM: operation not permitted, rename 'C:\Projects\linkedin-posting\.next\dev\cache\webpack\client-development\0.pack.gz_' -> 'C:\Projects\linkedin-posting\.next\dev\cache\webpack\client-development\0.pack.gz'
⚠ metadataBase property in metadata export is not set for resolving social open graph or twitter images, using "http://localhost:3000". See https://nextjs.org/docs/app/api-reference/functions/generate-metadata#metadatabase
⚠ metadataBase property in metadata export is not set for resolving social open graph or twitter images, using "http://localhost:3000". See https://nextjs.org/docs/app/api-reference/functions/generate-metadata#metadatabase
<w> [webpack.cache.PackFileCacheStrategy] Caching failed for pack: Error: EPERM: operation not permitted, rename 'C:\Projects\linkedin-posting\.next\dev\cache\webpack\server-development\0.pack.gz_' -> 'C:\Projects\linkedin-posting\.next\dev\cache\webpack\server-development\0.pack.gz'
<w> [webpack.cache.PackFileCacheStrategy] Caching failed for pack: Error: EPERM: operation not permitted, rename 'C:\Projects\linkedin-posting\.next\dev\cache\webpack\client-development\0.pack.gz_' -> 'C:\Projects\linkedin-posting\.next\dev\cache\webpack\client-development\0.pack.gz'
⚠ metadataBase property in metadata export is not set for resolving social open graph or twitter images, using "http://localhost:3000". See https://nextjs.org/docs/app/api-reference/functions/generate-metadata#metadatabase
⚠ metadataBase property in metadata export is not set for resolving social open graph or twitter images, using "http://localhost:3000". See https://nextjs.org/docs/app/api-reference/functions/generate-metadata#metadatabase
⚠ metadataBase property in metadata export is not set for resolving social open graph or twitter images, using "http://localhost:3000". See https://nextjs.org/docs/app/api-reference/functions/generate-metadata#metadatabase
<w> [webpack.cache.PackFileCacheStrategy] Caching failed for pack: Error: EPERM: operation not permitted, rename 'C:\Projects\linkedin-posting\.next\dev\cache\webpack\server-development\0.pack.gz_' -> 'C:\Projects\linkedin-posting\.next\dev\cache\webpack\server-development\0.pack.gz'
<w> [webpack.cache.PackFileCacheStrategy] Caching failed for pack: Error: EPERM: operation not permitted, rename 'C:\Projects\linkedin-posting\.next\dev\cache\webpack\client-development\0.pack.gz_' -> 'C:\Projects\linkedin-posting\.next\dev\cache\webpack\client-development\0.pack.gz'
⚠ metadataBase property in metadata export is not set for resolving social open graph or twitter images, using "http://localhost:3000". See https://nextjs.org/docs/app/api-reference/functions/generate-metadata#metadatabase
⚠ metadataBase property in metadata export is not set for resolving social open graph or twitter images, using "http://localhost:3000". See https://nextjs.org/docs/app/api-reference/functions/generate-metadata#metadatabase
<w> [webpack.cache.PackFileCacheStrategy] Caching failed for pack: Error: EPERM: operation not permitted, rename 'C:\Projects\linkedin-posting\.next\dev\cache\webpack\server-development\0.pack.gz_' -> 'C:\Projects\linkedin-posting\.next\dev\cache\webpack\server-development\0.pack.gz'
<w> [webpack.cache.PackFileCacheStrategy] Caching failed for pack: Error: EPERM: operation not permitted, rename 'C:\Projects\linkedin-posting\.next\dev\cache\webpack\client-development\0.pack.gz_' -> 'C:\Projects\linkedin-posting\.next\dev\cache\webpack\client-development\0.pack.gz'
<w> [webpack.cache.PackFileCacheStrategy] Caching failed for pack: Error: EPERM: operation not permitted, rename 'C:\Projects\linkedin-posting\.next\dev\cache\webpack\client-development\0.pack.gz_' -> 'C:\Projects\linkedin-posting\.next\dev\cache\webpack\client-development\0.pack.gz'
⚠ metadataBase property in metadata export is not set for resolving social open graph or twitter images, using "http://localhost:3000". See https://nextjs.org/docs/app/api-reference/functions/generate-metadata#metadatabase
<w> [webpack.cache.PackFileCacheStrategy] Caching failed for pack: Error: EPERM: operation not permitted, rename 'C:\Projects\linkedin-posting\.next\dev\cache\webpack\server-development\0.pack.gz_' -> 'C:\Projects\linkedin-posting\.next\dev\cache\webpack\server-development\0.pack.gz'
⚠ metadataBase property in metadata export is not set for resolving social open graph or twitter images, using "http://localhost:3000". See https://nextjs.org/docs/app/api-reference/functions/generate-metadata#metadatabase
<w> [webpack.cache.PackFileCacheStrategy] Caching failed for pack: Error: EPERM: operation not permitted, rename 'C:\Projects\linkedin-posting\.next\dev\cache\webpack\server-development\0.pack.gz_' -> 'C:\Projects\linkedin-posting\.next\dev\cache\webpack\server-development\0.pack.gz'
<w> [webpack.cache.PackFileCacheStrategy] Caching failed for pack: Error: EPERM: operation not permitted, rename 'C:\Projects\linkedin-posting\.next\dev\cache\webpack\client-development\0.pack.gz_' -> 'C:\Projects\linkedin-posting\.next\dev\cache\webpack\client-development\0.pack.gz'
⚠ metadataBase property in metadata export is not set for resolving social open graph or twitter images, using "http://localhost:3000". See https://nextjs.org/docs/app/api-reference/functions/generate-metadata#metadatabase
<w> [webpack.cache.PackFileCacheStrategy] Caching failed for pack: Error: EPERM: operation not permitted, rename 'C:\Projects\linkedin-posting\.next\dev\cache\webpack\server-development\0.pack.gz_' -> 'C:\Projects\linkedin-posting\.next\dev\cache\webpack\server-development\0.pack.gz'
<w> [webpack.cache.PackFileCacheStrategy] Caching failed for pack: Error: EPERM: operation not permitted, rename 'C:\Projects\linkedin-posting\.next\dev\cache\webpack\client-development\0.pack.gz_' -> 'C:\Projects\linkedin-posting\.next\dev\cache\webpack\client-development\0.pack.gz'
⚠ metadataBase property in metadata export is not set for resolving social open graph or twitter images, using "http://localhost:3000". See https://nextjs.org/docs/app/api-reference/functions/generate-metadata#metadatabase
⚠ metadataBase property in metadata export is not set for resolving social open graph or twitter images, using "http://localhost:3000". See https://nextjs.org/docs/app/api-reference/functions/generate-metadata#metadatabase
⚠ metadataBase property in metadata export is not set for resolving social open graph or twitter images, using "http://localhost:3000". See https://nextjs.org/docs/app/api-reference/functions/generate-metadata#metadatabase
<w> [webpack.cache.PackFileCacheStrategy] Caching failed for pack: Error: EPERM: operation not permitted, rename 'C:\Projects\linkedin-posting\.next\dev\cache\webpack\client-development\0.pack.gz_' -> 'C:\Projects\linkedin-posting\.next\dev\cache\webpack\client-development\0.pack.gz'
<w> [webpack.cache.PackFileCacheStrategy] Caching failed for pack: Error: EPERM: operation not permitted, rename 'C:\Projects\linkedin-posting\.next\dev\cache\webpack\server-development\0.pack.gz_' -> 'C:\Projects\linkedin-posting\.next\dev\cache\webpack\server-development\0.pack.gz'
⚠ metadataBase property in metadata export is not set for resolving social open graph or twitter images, using "http://localhost:3000". See https://nextjs.org/docs/app/api-reference/functions/generate-metadata#metadatabase
<w> [webpack.cache.PackFileCacheStrategy] Caching failed for pack: Error: EPERM: operation not permitted, rename 'C:\Projects\linkedin-posting\.next\dev\cache\webpack\server-development\0.pack.gz_' -> 'C:\Projects\linkedin-posting\.next\dev\cache\webpack\server-development\0.pack.gz'
⚠ metadataBase property in metadata export is not set for resolving social open graph or twitter images, using "http://localhost:3000". See https://nextjs.org/docs/app/api-reference/functions/generate-metadata#metadatabase
<w> [webpack.cache.PackFileCacheStrategy] Caching failed for pack: Error: EPERM: operation not permitted, rename 'C:\Projects\linkedin-posting\.next\dev\cache\webpack\client-development\0.pack.gz_' -> 'C:\Projects\linkedin-posting\.next\dev\cache\webpack\client-development\0.pack.gz'
<w> [webpack.cache.PackFileCacheStrategy] Caching failed for pack: Error: EPERM: operation not permitted, rename 'C:\Projects\linkedin-posting\.next\dev\cache\webpack\server-development\0.pack.gz_' -> 'C:\Projects\linkedin-posting\.next\dev\cache\webpack\server-development\0.pack.gz'
<w> [webpack.cache.PackFileCacheStrategy] Caching failed for pack: Error: EPERM: operation not permitted, rename 'C:\Projects\linkedin-posting\.next\dev\cache\webpack\client-development\0.pack.gz_' -> 'C:\Projects\linkedin-posting\.next\dev\cache\webpack\client-development\0.pack.gz'
⚠ metadataBase property in metadata export is not set for resolving social open graph or twitter images, using "http://localhost:3000". See https://nextjs.org/docs/app/api-reference/functions/generate-metadata#metadatabase
<w> [webpack.cache.PackFileCacheStrategy] Caching failed for pack: Error: EPERM: operation not permitted, rename 'C:\Projects\linkedin-posting\.next\dev\cache\webpack\server-development\0.pack.gz_' -> 'C:\Projects\linkedin-posting\.next\dev\cache\webpack\server-development\0.pack.gz'
⚠ metadataBase property in metadata export is not set for resolving social open graph or twitter images, using "http://localhost:3000". See https://nextjs.org/docs/app/api-reference/functions/generate-metadata#metadatabase
<w> [webpack.cache.PackFileCacheStrategy] Caching failed for pack: Error: EPERM: operation not permitted, rename 'C:\Projects\linkedin-posting\.next\dev\cache\webpack\server-development\0.pack.gz_' -> 'C:\Projects\linkedin-posting\.next\dev\cache\webpack\server-development\0.pack.gz'
<w> [webpack.cache.PackFileCacheStrategy] Caching failed for pack: Error: EPERM: operation not permitted, rename 'C:\Projects\linkedin-posting\.next\dev\cache\webpack\client-development\0.pack.gz_' -> 'C:\Projects\linkedin-posting\.next\dev\cache\webpack\client-development\0.pack.gz'
⚠ metadataBase property in metadata export is not set for resolving social open graph or twitter images, using "http://localhost:3000". See https://nextjs.org/docs/app/api-reference/functions/generate-metadata#metadatabase
<w> [webpack.cache.PackFileCacheStrategy] Caching failed for pack: Error: EPERM: operation not permitted, rename 'C:\Projects\linkedin-posting\.next\dev\cache\webpack\server-development\0.pack.gz_' -> 'C:\Projects\linkedin-posting\.next\dev\cache\webpack\server-development\0.pack.gz'
<w> [webpack.cache.PackFileCacheStrategy] Caching failed for pack: Error: EPERM: operation not permitted, rename 'C:\Projects\linkedin-posting\.next\dev\cache\webpack\client-development\0.pack.gz_' -> 'C:\Projects\linkedin-posting\.next\dev\cache\webpack\client-development\0.pack.gz'
⚠ metadataBase property in metadata export is not set for resolving social open graph or twitter images, using "http://localhost:3000". See https://nextjs.org/docs/app/api-reference/functions/generate-metadata#metadatabase
<w> [webpack.cache.PackFileCacheStrategy] Caching failed for pack: Error: EPERM: operation not permitted, rename 'C:\Projects\linkedin-posting\.next\dev\cache\webpack\server-development\0.pack.gz_' -> 'C:\Projects\linkedin-posting\.next\dev\cache\webpack\server-development\0.pack.gz'
<w> [webpack.cache.PackFileCacheStrategy] Caching failed for pack: Error: EPERM: operation not permitted, rename 'C:\Projects\linkedin-posting\.next\dev\cache\webpack\client-development\0.pack.gz_' -> 'C:\Projects\linkedin-posting\.next\dev\cache\webpack\client-development\0.pack.gz'
<w> [webpack.cache.PackFileCacheStrategy] Caching failed for pack: Error: EPERM: operation not permitted, rename 'C:\Projects\linkedin-posting\.next\dev\cache\webpack\client-development\0.pack.gz_' -> 'C:\Projects\linkedin-posting\.next\dev\cache\webpack\client-development\0.pack.gz'
<w> [webpack.cache.PackFileCacheStrategy] Caching failed for pack: Error: EPERM: operation not permitted, rename 'C:\Projects\linkedin-posting\.next\dev\cache\webpack\server-development\0.pack.gz_' -> 'C:\Projects\linkedin-posting\.next\dev\cache\webpack\server-development\0.pack.gz'
<w> [webpack.cache.PackFileCacheStrategy] Caching failed for pack: Error: EPERM: operation not permitted, rename 'C:\Projects\linkedin-posting\.next\dev\cache\webpack\client-development\0.pack.gz_' -> 'C:\Projects\linkedin-posting\.next\dev\cache\webpack\client-development\0.pack.gz'
<w> [webpack.cache.PackFileCacheStrategy] Caching failed for pack: Error: EPERM: operation not permitted, rename 'C:\Projects\linkedin-posting\.next\dev\cache\webpack\client-development\0.pack.gz_' -> 'C:\Projects\linkedin-posting\.next\dev\cache\webpack\client-development\0.pack.gz'
<w> [webpack.cache.PackFileCacheStrategy] Caching failed for pack: Error: EPERM: operation not permitted, rename 'C:\Projects\linkedin-posting\.next\dev\cache\webpack\client-development\0.pack.gz_' -> 'C:\Projects\linkedin-posting\.next\dev\cache\webpack\client-development\0.pack.gz'
⚠ metadataBase property in metadata export is not set for resolving social open graph or twitter images, using "http://localhost:3000". See https://nextjs.org/docs/app/api-reference/functions/generate-metadata#metadatabase
<w> [webpack.cache.PackFileCacheStrategy] Caching failed for pack: Error: EPERM: operation not permitted, rename 'C:\Projects\linkedin-posting\.next\dev\cache\webpack\server-development\0.pack.gz_' -> 'C:\Projects\linkedin-posting\.next\dev\cache\webpack\server-development\0.pack.gz'
<w> [webpack.cache.PackFileCacheStrategy] Caching failed for pack: Error: EPERM: operation not permitted, rename 'C:\Projects\linkedin-posting\.next\dev\cache\webpack\client-development\0.pack.gz_' -> 'C:\Projects\linkedin-posting\.next\dev\cache\webpack\client-development\0.pack.gz'
